src/routes/dashboard/chat/[id]/index.tsx(2878,40): error TS2322: Type '{ children: string[]; key: string; value: string; }' is not assignable to type '{ label?: string | undefined; text?: string | undefined; disabled?: boolean | undefined; defaultSelected?: boolean | undefined; selected?: boolean | undefined; value?: string | number | readonly string[] | undefined; children?: string | undefined; } & HTMLAttributes<...>'.
  Type '{ children: string[]; key: string; value: string; }' is not assignable to type '{ label?: string | undefined; text?: string | undefined; disabled?: boolean | undefined; defaultSelected?: boolean | undefined; selected?: boolean | undefined; value?: string | number | readonly string[] | undefined; children?: string | undefined; }'.
    Types of property 'children' are incompatible.
      Type 'string[]' is not assignable to type 'string'.
